1. int num1;
2. int num2;
3. int num3;
4. int num4;
5. int num5;
6. int num6;
7. int num7;
8. int num8;
9. int x;
10. int y;
11. int tester;
12. printString("Hello there!\n");
13. num1 = 10 + 2;
14. num2 = 20 * 3 + num1;
15. num3 = num2 - num1;
16. num4 = num3 / 20;
17. num5 = num3 % 21;
18. num6 = num5 + -num4;
19. num7 = -2 ^ 9;
20. print(num1);
21. print(num2);
22. print(num3);
23. print(num4);
24. printLines(num4);
25. printSpaces(num1);
26. print(num5);
27. print(-num5);
28. print(num6);
29. print(num7);
30. 
31. if(num7 == -512){
32.     print(num7 * 2);
33. }
34. 
35. num7 = 2 * 5 ^ 2;
36. print(num7);
37. 
38. num7 = (2 + 5) * 6;
39. print(num7);
40. 
41. printString("\nGoodbye!\n\n");
42. 
43. num8 = 10;
44. if((num8 == 10)){
45.     printString("10 == 10, Good Job!\n");
46. }
47. if(num8 < 11){
48.     printString("10 < 11, Good Job!\n");
49. }
50. if(num8 <= 10){
51.     printString("10 <= 10, Good Job!\n");
52. }
53. if(num8 >= 10){
54.     printString("10 >= 10, Good Job!\n");
55. }
56. if(num8 > 9){
57.     printString("10 > 9, Good Job!\n");
58. }
59. if(num8 != 11){
60.     printString("10 != 11, Good Job!\n");
61. }
62. 
63. x = 10;
64. y = 11;
65. if ((x == 10) || (y != 11)) {
66.     printString("True1\n");
67. }
68. 
69. if ((x < 11) && (y >= 10)) {
70.     printString("True2\n");
71. }
72. 
73. if (!(x == 10 && (y > 11 && x >= 10))) {
74.     printString("True3\n");
75. }
76. 
77. if (!(!((x > 10) || (x < y)))) {
78.     printString("True4\n");
79. }
80. 
81. if(!(x > 10)){
82.     printString("True5\n");
83. }
84. 
85. printLines(1);
86. print(x+y, num1^2, num3);
87. printLines(2);
88. 
89. tester = 0;
90. 
91. while(tester < 5) {
92.     printString("TESTER!\n");
93.     tester = tester + 1;
94. }
95. 
96. printLines(1);
97. 
98. for(tester = 0; tester < 10; tester = tester + 1) {
99.     printString("FOR LOOP!\n");
100. }